// Jest Snapshot v1, https://goo.gl/fbAQLP

exports[`renders to snapshot 1`] = `
<div>
  <p
    className="MuiTypography-root-1 MuiTypography-body1-10"
  >
    Bachelor of Management Studies, University of Waikato, New Zealand
     
  </p>
</div>
`;
