// Jest Snapshot v1, https://goo.gl/fbAQLP

exports[`renders to snapshot 1`] = `
<div
  style={
    Object {
      "flex": 1,
    }
  }
>
  <button
    className="MuiButtonBase-root-7 MuiIconButton-root-1"
    disabled={false}
    onBlur={[Function]}
    onClick={[Function]}
    onFocus={[Function]}
    onKeyDown={[Function]}
    onKeyUp={[Function]}
    onMouseDown={[Function]}
    onMouseLeave={[Function]}
    onMouseUp={[Function]}
    onTouchEnd={[Function]}
    onTouchMove={[Function]}
    onTouchStart={[Function]}
    tabIndex="0"
    type="button"
  >
    <span
      className="MuiIconButton-label-6"
    >
      <svg
        className="mdi-icon "
        fill="#000"
        height={24}
        viewBox="0 0 24 24"
        width={24}
      >
        <path
          d="M4,4H20C21.1,4 22,4.9 22,6V18C22,19.1 21.1,20 20,20H4C2.89,20 2,19.1 2,18V6C2,4.89 2.89,4 4,4M12,11L20,6H4L12,11M4,18H20V8.37L12,13.36L4,8.37V18Z"
        />
      </svg>
    </span>
    <span
      className="MuiTouchRipple-root-10"
    />
  </button>
  <a
    className="MuiButtonBase-root-7 MuiIconButton-root-1"
    href="https://github.com/juddey"
    onBlur={[Function]}
    onFocus={[Function]}
    onKeyDown={[Function]}
    onKeyUp={[Function]}
    onMouseDown={[Function]}
    onMouseLeave={[Function]}
    onMouseUp={[Function]}
    onTouchEnd={[Function]}
    onTouchMove={[Function]}
    onTouchStart={[Function]}
    role="button"
    tabIndex="0"
    target="_blank"
  >
    <span
      className="MuiIconButton-label-6"
    >
      <svg
        className="mdi-icon "
        fill="#000"
        height={24}
        viewBox="0 0 24 24"
        width={24}
      >
        <path
          d="M12,2C6.48,2 2,6.48 2,12C2,16.42 4.87,20.17 8.84,21.5C9.34,21.58 9.5,21.27 9.5,21C9.5,20.77 9.5,20.14 9.5,19.31C6.73,19.91 6.14,17.97 6.14,17.97C5.68,16.81 5.03,16.5 5.03,16.5C4.12,15.88 5.1,15.9 5.1,15.9C6.1,15.97 6.63,16.93 6.63,16.93C7.5,18.45 8.97,18 9.54,17.76C9.63,17.11 9.89,16.67 10.17,16.42C7.95,16.17 5.62,15.31 5.62,11.5C5.62,10.39 6,9.5 6.65,8.79C6.55,8.54 6.2,7.5 6.75,6.15C6.75,6.15 7.59,5.88 9.5,7.17C10.29,6.95 11.15,6.84 12,6.84C12.85,6.84 13.71,6.95 14.5,7.17C16.41,5.88 17.25,6.15 17.25,6.15C17.8,7.5 17.45,8.54 17.35,8.79C18,9.5 18.38,10.39 18.38,11.5C18.38,15.32 16.04,16.16 13.81,16.41C14.17,16.72 14.5,17.33 14.5,18.26C14.5,19.6 14.5,20.68 14.5,21C14.5,21.27 14.66,21.59 15.17,21.5C19.14,20.16 22,16.42 22,12C22,6.48 17.52,2 12,2Z"
        />
      </svg>
    </span>
    <span
      className="MuiTouchRipple-root-10"
    />
  </a>
  <a
    className="MuiButtonBase-root-7 MuiIconButton-root-1"
    href="https://twitter.com/juddeylane"
    onBlur={[Function]}
    onFocus={[Function]}
    onKeyDown={[Function]}
    onKeyUp={[Function]}
    onMouseDown={[Function]}
    onMouseLeave={[Function]}
    onMouseUp={[Function]}
    onTouchEnd={[Function]}
    onTouchMove={[Function]}
    onTouchStart={[Function]}
    role="button"
    tabIndex="0"
    target="_blank"
  >
    <span
      className="MuiIconButton-label-6"
    >
      <svg
        className="mdi-icon "
        fill="#000"
        height={24}
        viewBox="0 0 24 24"
        width={24}
      >
        <path
          d="M22.46,6C21.69,6.35 20.86,6.58 20,6.69C20.88,6.16 21.56,5.32 21.88,4.31C21.05,4.81 20.13,5.16 19.16,5.36C18.37,4.5 17.26,4 16,4C13.65,4 11.73,5.92 11.73,8.29C11.73,8.63 11.77,8.96 11.84,9.27C8.28,9.09 5.11,7.38 3,4.79C2.63,5.42 2.42,6.16 2.42,6.94C2.42,8.43 3.17,9.75 4.33,10.5C3.62,10.5 2.96,10.3 2.38,10C2.38,10 2.38,10 2.38,10.03C2.38,12.11 3.86,13.85 5.82,14.24C5.46,14.34 5.08,14.39 4.69,14.39C4.42,14.39 4.15,14.36 3.89,14.31C4.43,16 6,17.26 7.89,17.29C6.43,18.45 4.58,19.13 2.56,19.13C2.22,19.13 1.88,19.11 1.54,19.07C3.44,20.29 5.7,21 8.12,21C16,21 20.33,14.46 20.33,8.79C20.33,8.6 20.33,8.42 20.32,8.23C21.16,7.63 21.88,6.87 22.46,6Z"
        />
      </svg>
    </span>
    <span
      className="MuiTouchRipple-root-10"
    />
  </a>
</div>
`;
